# Legacy hard-limit exceptions that currently exceed the 500-line maximum.
# Format: relative/path.rs<TAB>max_allowed_lines
crates/unet-cli/src/commands/nodes/crud_business_logic_tests.rs	898
crates/unet-cli/src/commands/locations/crud_business_logic_tests.rs	672
crates/migrations/src/schema_parity_tests.rs	528
crates/unet-cli/src/commands/export.rs	527
crates/unet-core/src/snmp/client/client_operations_tests.rs	502
